c:\users\estudiante\source\repos\new-repository\progra1\programacion1\programacion1\x64\debug\vc143.pdb
c:\users\estudiante\source\repos\new-repository\progra1\programacion1\programacion1\x64\debug\vc143.idb
c:\users\estudiante\source\repos\new-repository\progra1\programacion1\programacion1\x64\debug\profesor.obj
c:\users\estudiante\source\repos\new-repository\progra1\programacion1\programacion1\x64\debug\persona.obj
c:\users\estudiante\source\repos\new-repository\progra1\programacion1\programacion1\x64\debug\guarda.obj
c:\users\estudiante\source\repos\new-repository\progra1\programacion1\programacion1\x64\debug\grupo.obj
c:\users\estudiante\source\repos\new-repository\progra1\programacion1\programacion1\x64\debug\estudiante.obj
c:\users\estudiante\source\repos\new-repository\progra1\programacion1\programacion1\x64\debug\carnet.obj
c:\users\estudiante\source\repos\new-repository\progra1\programacion1\programacion1\x64\debug\programacion1.obj
c:\users\estudiante\source\repos\new-repository\progra1\programacion1\programacion1\x64\debug\nododoble.obj
c:\users\estudiante\source\repos\new-repository\progra1\programacion1\programacion1\x64\debug\nodo.obj
c:\users\estudiante\source\repos\new-repository\progra1\programacion1\programacion1\x64\debug\listaenlazada.obj
c:\users\estudiante\source\repos\new-repository\progra1\programacion1\programacion1\x64\debug\listadoble.obj
c:\users\estudiante\source\repos\new-repository\progra1\programacion1\x64\debug\programacion1.exe
c:\users\estudiante\source\repos\new-repository\progra1\programacion1\x64\debug\programacion1.pdb
c:\users\estudiante\source\repos\new-repository\progra1\programacion1\programacion1\x64\debug\programacion1.ilk
c:\users\estudiante\source\repos\new-repository\progra1\programacion1\programacion1\x64\debug\programacion1.tlog\cl.command.1.tlog
c:\users\estudiante\source\repos\new-repository\progra1\programacion1\programacion1\x64\debug\programacion1.tlog\cl.items.tlog
c:\users\estudiante\source\repos\new-repository\progra1\programacion1\programacion1\x64\debug\programacion1.tlog\cl.read.1.tlog
c:\users\estudiante\source\repos\new-repository\progra1\programacion1\programacion1\x64\debug\programacion1.tlog\cl.write.1.tlog
c:\users\estudiante\source\repos\new-repository\progra1\programacion1\programacion1\x64\debug\programacion1.tlog\link.command.1.tlog
c:\users\estudiante\source\repos\new-repository\progra1\programacion1\programacion1\x64\debug\programacion1.tlog\link.read.1.tlog
c:\users\estudiante\source\repos\new-repository\progra1\programacion1\programacion1\x64\debug\programacion1.tlog\link.secondary.1.tlog
c:\users\estudiante\source\repos\new-repository\progra1\programacion1\programacion1\x64\debug\programacion1.tlog\link.write.1.tlog
